error: item is not a function

         = help: `#[contracts]` can only be used on functions

 --> tests/ui/item-is-not-a-function.rs:4:1
  |
4 | struct S;
  | ^^^^^^^^^
